{{ .Metadata.Repository.DefaultBranch }} = master
{{ .Metadata.Repository.RootDir }} = repos/github.com/ccremer/greposync
{{ .Metadata.Repository.FullName }} = github.com/ccremer/greposync
{{ .Metadata.Repository.Name }} = greposync
{{ .Metadata.Repository.Namespace }} = ccremer
{{ .Metadata.Repository.CommitBranch }} = greposync-update
{{ .Metadata.Template.RelativePath }} = testdata/golden/metadata.tpl
{{ .Metadata.Template.Permissions }} = 0644
